Copyright 1986-2017 Xilinx, Inc. All Rights Reserved.
-------------------------------------------------------------------------------------------------------------------------------------------------------
| Tool Version : Vivado v.2017.2 (lin64) Build 1909853 Thu Jun 15 18:39:10 MDT 2017
| Date         : Tue Apr 24 16:54:04 2018
| Host         : work1-station running 64-bit Ubuntu 16.04.4 LTS
| Command      : report_utilization -file hdmi_directpassthr_woi_wrapper_utilization_synth.rpt -pb hdmi_directpassthr_woi_wrapper_utilization_synth.pb
| Design       : hdmi_directpassthr_woi_wrapper
| Device       : 7z020clg484-1
| Design State : Synthesized
-------------------------------------------------------------------------------------------------------------------------------------------------------

Utilization Design Information

Table of Contents
-----------------
1. Slice Logic
1.1 Summary of Registers by Type
2. Memory
3. DSP
4. IO and GT Specific
5. Clocking
6. Specific Feature
7. Primitives
8. Black Boxes
9. Instantiated Netlists

1. Slice Logic
--------------

+----------------------------+-------+-------+-----------+-------+
|          Site Type         |  Used | Fixed | Available | Util% |
+----------------------------+-------+-------+-----------+-------+
| Slice LUTs*                | 25305 |     0 |     53200 | 47.57 |
|   LUT as Logic             | 21518 |     0 |     53200 | 40.45 |
|   LUT as Memory            |  3787 |     0 |     17400 | 21.76 |
|     LUT as Distributed RAM |   122 |     0 |           |       |
|     LUT as Shift Register  |  3665 |     0 |           |       |
| Slice Registers            | 36669 |    34 |    106400 | 34.46 |
|   Register as Flip Flop    | 36657 |    34 |    106400 | 34.45 |
|   Register as Latch        |    12 |     0 |    106400 |  0.01 |
| F7 Muxes                   |    29 |     0 |     26600 |  0.11 |
| F8 Muxes                   |    13 |     0 |     13300 |  0.10 |
+----------------------------+-------+-------+-----------+-------+
* Warning! The Final LUT count, after physical optimizations and full implementation, is typically lower. Run opt_design after synthesis, if not already completed, for a more realistic count.


1.1 Summary of Registers by Type
--------------------------------

+-------+--------------+-------------+--------------+
| Total | Clock Enable | Synchronous | Asynchronous |
+-------+--------------+-------------+--------------+
| 0     |            _ |           - |            - |
| 0     |            _ |           - |          Set |
| 0     |            _ |           - |        Reset |
| 0     |            _ |         Set |            - |
| 0     |            _ |       Reset |            - |
| 0     |          Yes |           - |            - |
| 1836  |          Yes |           - |          Set |
| 6616  |          Yes |           - |        Reset |
| 508   |          Yes |         Set |            - |
| 27709 |          Yes |       Reset |            - |
+-------+--------------+-------------+--------------+


2. Memory
---------

+-------------------+-------+-------+-----------+-------+
|     Site Type     |  Used | Fixed | Available | Util% |
+-------------------+-------+-------+-----------+-------+
| Block RAM Tile    | 135.5 |     0 |       140 | 96.79 |
|   RAMB36/FIFO*    |   100 |     0 |       140 | 71.43 |
|     FIFO36E1 only |    42 |       |           |       |
|     RAMB36E1 only |    58 |       |           |       |
|   RAMB18          |    71 |     0 |       280 | 25.36 |
|     RAMB18E1 only |    71 |       |           |       |
+-------------------+-------+-------+-----------+-------+
* Note: Each Block RAM Tile only has one FIFO logic available and therefore can accommodate only one FIFO36E1 or one FIFO18E1. However, if a FIFO18E1 occupies a Block RAM Tile, that tile can still accommodate a RAMB18E1


3. DSP
------

+----------------+------+-------+-----------+-------+
|    Site Type   | Used | Fixed | Available | Util% |
+----------------+------+-------+-----------+-------+
| DSPs           |   30 |     0 |       220 | 13.64 |
|   DSP48E1 only |   30 |       |           |       |
+----------------+------+-------+-----------+-------+


4. IO and GT Specific
---------------------

+-----------------------------+------+-------+-----------+--------+
|          Site Type          | Used | Fixed | Available |  Util% |
+-----------------------------+------+-------+-----------+--------+
| Bonded IOB                  |   45 |     0 |       200 |  22.50 |
| Bonded IPADs                |    0 |     0 |         2 |   0.00 |
| Bonded IOPADs               |  130 |     0 |       130 | 100.00 |
| PHY_CONTROL                 |    0 |     0 |         4 |   0.00 |
| PHASER_REF                  |    0 |     0 |         4 |   0.00 |
| OUT_FIFO                    |    0 |     0 |        16 |   0.00 |
| IN_FIFO                     |    0 |     0 |        16 |   0.00 |
| IDELAYCTRL                  |    0 |     0 |         4 |   0.00 |
| IBUFDS                      |    0 |     0 |       192 |   0.00 |
| PHASER_OUT/PHASER_OUT_PHY   |    0 |     0 |        16 |   0.00 |
| PHASER_IN/PHASER_IN_PHY     |    0 |     0 |        16 |   0.00 |
| IDELAYE2/IDELAYE2_FINEDELAY |    0 |     0 |       200 |   0.00 |
| ILOGIC                      |    0 |     0 |       200 |   0.00 |
| OLOGIC                      |    2 |     0 |       200 |   1.00 |
|   ODDR                      |    2 |       |           |        |
+-----------------------------+------+-------+-----------+--------+


5. Clocking
-----------

+------------+------+-------+-----------+-------+
|  Site Type | Used | Fixed | Available | Util% |
+------------+------+-------+-----------+-------+
| BUFGCTRL   |    3 |     0 |        32 |  9.38 |
| BUFIO      |    0 |     0 |        16 |  0.00 |
| MMCME2_ADV |    0 |     0 |         4 |  0.00 |
| PLLE2_ADV  |    0 |     0 |         4 |  0.00 |
| BUFMRCE    |    0 |     0 |         8 |  0.00 |
| BUFHCE     |    0 |     0 |        72 |  0.00 |
| BUFR       |    0 |     0 |        16 |  0.00 |
+------------+------+-------+-----------+-------+


6. Specific Feature
-------------------

+-------------+------+-------+-----------+-------+
|  Site Type  | Used | Fixed | Available | Util% |
+-------------+------+-------+-----------+-------+
| BSCANE2     |    0 |     0 |         4 |  0.00 |
| CAPTUREE2   |    0 |     0 |         1 |  0.00 |
| DNA_PORT    |    0 |     0 |         1 |  0.00 |
| EFUSE_USR   |    0 |     0 |         1 |  0.00 |
| FRAME_ECCE2 |    0 |     0 |         1 |  0.00 |
| ICAPE2      |    0 |     0 |         2 |  0.00 |
| STARTUPE2   |    0 |     0 |         1 |  0.00 |
| XADC        |    0 |     0 |         1 |  0.00 |
+-------------+------+-------+-----------+-------+


7. Primitives
-------------

+----------+-------+----------------------+
| Ref Name |  Used |  Functional Category |
+----------+-------+----------------------+
| FDRE     | 27709 |         Flop & Latch |
| FDCE     |  6604 |         Flop & Latch |
| LUT3     |  5061 |                  LUT |
| LUT2     |  4731 |                  LUT |
| LUT4     |  4492 |                  LUT |
| LUT1     |  4238 |                  LUT |
| LUT6     |  4143 |                  LUT |
| SRL16E   |  3402 |   Distributed Memory |
| LUT5     |  2528 |                  LUT |
| CARRY4   |  2336 |           CarryLogic |
| FDPE     |  1836 |         Flop & Latch |
| FDSE     |   508 |         Flop & Latch |
| SRLC32E  |   263 |   Distributed Memory |
| RAMD32   |   180 |   Distributed Memory |
| BIBUF    |   130 |                   IO |
| RAMB18E1 |    71 |         Block Memory |
| RAMS32   |    58 |   Distributed Memory |
| RAMB36E1 |    58 |         Block Memory |
| FIFO36E1 |    42 |         Block Memory |
| DSP48E1  |    30 |     Block Arithmetic |
| MUXF7    |    29 |                MuxFx |
| IBUF     |    26 |                   IO |
| OBUFT    |    20 |                   IO |
| MUXF8    |    13 |                MuxFx |
| LDCE     |    12 |         Flop & Latch |
| BUFG     |     3 |                Clock |
| ODDR     |     2 |                   IO |
| PS7      |     1 | Specialized Resource |
| OBUF     |     1 |                   IO |
+----------+-------+----------------------+


8. Black Boxes
--------------

+----------+------+
| Ref Name | Used |
+----------+------+


9. Instantiated Netlists
------------------------

+----------+------+
| Ref Name | Used |
+----------+------+


